// Jest Snapshot v1, https://goo.gl/fbAQLP

exports[`form has errors renders correctly 1`] = `
<View
  style={
    Object {
      "paddingTop": 10,
    }
  }
>
  <View />
  <View />
  <View
    style={
      Object {
        "alignItems": "center",
        "flexDirection": "row",
      }
    }
  />
  <View
    style={
      Object {
        "flexDirection": "row",
        "justifyContent": "flex-end",
      }
    }
  />
</View>
`;

exports[`form is saving renders correctly 1`] = `
<View
  style={
    Object {
      "paddingTop": 10,
    }
  }
>
  <View />
  <View />
  <View
    style={
      Object {
        "alignItems": "center",
        "flexDirection": "row",
      }
    }
  />
  <View
    style={
      Object {
        "flexDirection": "row",
        "justifyContent": "flex-end",
      }
    }
  />
</View>
`;

exports[`form is touched renders correctly 1`] = `
<View
  style={
    Object {
      "paddingTop": 10,
    }
  }
>
  <View />
  <View />
  <View
    style={
      Object {
        "alignItems": "center",
        "flexDirection": "row",
      }
    }
  />
  <View
    style={
      Object {
        "flexDirection": "row",
        "justifyContent": "flex-end",
      }
    }
  />
</View>
`;

exports[`fresh form renders correctly 1`] = `
<View
  style={
    Object {
      "paddingTop": 10,
    }
  }
>
  <View />
  <View />
  <View
    style={
      Object {
        "alignItems": "center",
        "flexDirection": "row",
      }
    }
  />
  <View
    style={
      Object {
        "flexDirection": "row",
        "justifyContent": "flex-end",
      }
    }
  />
</View>
`;
