// Jest Snapshot v1, https://goo.gl/fbAQLP

exports[`rendering defaults rendered correctly  1`] = `
<View
  style={
    Object {
      "paddingTop": 10,
    }
  }
>
  <View
    style={
      Object {
        "alignItems": "center",
        "flexDirection": "row",
        "marginTop": 10,
      }
    }
  />
  <View
    style={
      Object {
        "flexDirection": "row",
        "justifyContent": "flex-end",
      }
    }
  />
</View>
`;

exports[`rendering with keys and saving rendered correctly  1`] = `
<View
  style={
    Object {
      "paddingTop": 10,
    }
  }
>
  <View
    style={
      Object {
        "alignItems": "center",
        "flexDirection": "row",
        "marginTop": 10,
      }
    }
  />
  <View
    style={
      Object {
        "flexDirection": "row",
        "justifyContent": "flex-end",
      }
    }
  />
</View>
`;

exports[`rendering with keys rendered correctly  1`] = `
<View
  style={
    Object {
      "paddingTop": 10,
    }
  }
>
  <View
    style={
      Object {
        "alignItems": "center",
        "flexDirection": "row",
        "marginTop": 10,
      }
    }
  />
  <View
    style={
      Object {
        "flexDirection": "row",
        "justifyContent": "flex-end",
      }
    }
  />
</View>
`;
