// Jest Snapshot v1, https://goo.gl/fbAQLP

exports[`rendering rendered correctly 1`] = `
<RCTSafeAreaView
  emulateUnlessSupported={true}
  style={
    Object {
      "alignItems": "center",
      "flex": 1,
      "justifyContent": "center",
    }
  }
>
  <View>
    <Text>
      API Details Form
    </Text>
  </View>
</RCTSafeAreaView>
`;
