// Jest Snapshot v1, https://goo.gl/fbAQLP

exports[`rendering with footer rendered correctly  1`] = `
<View>
  <View>
    <View>
      <Text>
        A
      </Text>
      <Text>
        B
      </Text>
      <Text>
        C
      </Text>
    </View>
    <View>
      <Text>
        D
      </Text>
      <Text>
        E
      </Text>
      <Text>
        F
      </Text>
    </View>
  </View>
  <View>
    <Text>
      d
    </Text>
    <Text>
      d
    </Text>
    <Text>
      d
    </Text>
  </View>
</View>
`;

exports[`rendering with header and footer and custom style rendered correctly  1`] = `
<View>
  <View>
    <Text>
      d
    </Text>
    <Text>
      d
    </Text>
    <Text>
      d
    </Text>
  </View>
  <View>
    <View>
      <Text>
        A
      </Text>
      <Text>
        B
      </Text>
      <Text>
        C
      </Text>
    </View>
    <View>
      <Text>
        D
      </Text>
      <Text>
        E
      </Text>
      <Text>
        F
      </Text>
    </View>
  </View>
  <View>
    <Text>
      d
    </Text>
    <Text>
      d
    </Text>
    <Text>
      d
    </Text>
  </View>
</View>
`;

exports[`rendering with header rendered correctly  1`] = `
<View>
  <View>
    <Text>
      d
    </Text>
    <Text>
      d
    </Text>
    <Text>
      d
    </Text>
  </View>
  <View>
    <View>
      <Text>
        A
      </Text>
      <Text>
        B
      </Text>
      <Text>
        C
      </Text>
    </View>
    <View>
      <Text>
        D
      </Text>
      <Text>
        E
      </Text>
      <Text>
        F
      </Text>
    </View>
  </View>
</View>
`;

exports[`rendering without header or footer rendered correctly  1`] = `
<View>
  <View>
    <View>
      <Text>
        A
      </Text>
      <Text>
        B
      </Text>
      <Text>
        C
      </Text>
    </View>
    <View>
      <Text>
        D
      </Text>
      <Text>
        E
      </Text>
      <Text>
        F
      </Text>
    </View>
  </View>
</View>
`;
