// Jest Snapshot v1, https://goo.gl/fbAQLP

exports[`rendering rendered correctly 1`] = `
<View
  style={
    Array [
      Object {
        "alignItems": "center",
        "flex": 1,
        "justifyContent": "center",
        "margin": 0,
      },
      Object {
        "backgroundColor": "blue",
      },
    ]
  }
>
  <ActivityIndicator
    animating={true}
    color="#999999"
    hidesWhenStopped={true}
    size="small"
  />
</View>
`;
