// Jest Snapshot v1, https://goo.gl/fbAQLP

exports[`rendering defaults rendered correctly  1`] = `
<View
  style={
    Array [
      Object {
        "alignSelf": "flex-start",
      },
      Object {
        "paddingTop": 10,
      },
    ]
  }
>
  <View
    style={
      Object {
        "flexDirection": "row",
        "justifyContent": "space-evenly",
        "paddingTop": 2,
      }
    }
  >
    <View
      style={
        Object {
          "alignItems": "flex-start",
          "alignSelf": "center",
          "borderBottomWidth": 0.5,
          "flexWrap": "nowrap",
          "height": 25,
          "justifyContent": "center",
          "overflow": "hidden",
          "paddingBottom": 3,
          "paddingLeft": 5,
          "paddingRight": 5,
          "width": "25%",
        }
      }
    >
      <Text
        style={
          Object {
            "fontWeight": "bold",
          }
        }
        theme={
          Object {
            "colors": Object {
              "disabled": "hsl(208, 8%, 90%)",
              "divider": "#bcbbc1",
              "error": "#ff190c",
              "grey0": "#393e42",
              "grey1": "#43484d",
              "grey2": "#5e6977",
              "grey3": "#86939e",
              "grey4": "#bdc6cf",
              "grey5": "#e1e8ee",
              "greyOutline": "#bbb",
              "platform": Object {
                "android": Object {
                  "error": "#f44336",
                  "primary": "#2196f3",
                  "secondary": "#9C27B0",
                  "success": "#4caf50",
                  "warning": "#ffeb3b",
                },
                "ios": Object {
                  "error": "#ff3b30",
                  "primary": "#007aff",
                  "secondary": "#5856d6",
                  "success": "#4cd964",
                  "warning": "#ffcc00",
                },
              },
              "primary": "#2089dc",
              "searchBg": "#303337",
              "secondary": "#8F0CE8",
              "success": "#52c41a",
              "warning": "#faad14",
            },
          }
        }
      >
        Currency
      </Text>
    </View>
    <View
      style={
        Object {
          "alignItems": "flex-start",
          "alignSelf": "center",
          "borderBottomWidth": 0.5,
          "flexWrap": "nowrap",
          "height": 25,
          "justifyContent": "center",
          "overflow": "hidden",
          "paddingBottom": 3,
          "paddingLeft": 5,
          "paddingRight": 5,
          "width": "25%",
        }
      }
    >
      <Text
        style={
          Object {
            "fontWeight": "bold",
          }
        }
        theme={
          Object {
            "colors": Object {
              "disabled": "hsl(208, 8%, 90%)",
              "divider": "#bcbbc1",
              "error": "#ff190c",
              "grey0": "#393e42",
              "grey1": "#43484d",
              "grey2": "#5e6977",
              "grey3": "#86939e",
              "grey4": "#bdc6cf",
              "grey5": "#e1e8ee",
              "greyOutline": "#bbb",
              "platform": Object {
                "android": Object {
                  "error": "#f44336",
                  "primary": "#2196f3",
                  "secondary": "#9C27B0",
                  "success": "#4caf50",
                  "warning": "#ffeb3b",
                },
                "ios": Object {
                  "error": "#ff3b30",
                  "primary": "#007aff",
                  "secondary": "#5856d6",
                  "success": "#4cd964",
                  "warning": "#ffcc00",
                },
              },
              "primary": "#2089dc",
              "searchBg": "#303337",
              "secondary": "#8F0CE8",
              "success": "#52c41a",
              "warning": "#faad14",
            },
          }
        }
      >
        Balance
      </Text>
    </View>
    <View
      style={
        Object {
          "alignItems": "flex-start",
          "alignSelf": "center",
          "borderBottomWidth": 0.5,
          "flexWrap": "nowrap",
          "height": 25,
          "justifyContent": "center",
          "overflow": "hidden",
          "paddingBottom": 3,
          "paddingLeft": 5,
          "paddingRight": 5,
          "width": "25%",
        }
      }
    >
      <Text
        style={
          Object {
            "fontWeight": "bold",
          }
        }
        theme={
          Object {
            "colors": Object {
              "disabled": "hsl(208, 8%, 90%)",
              "divider": "#bcbbc1",
              "error": "#ff190c",
              "grey0": "#393e42",
              "grey1": "#43484d",
              "grey2": "#5e6977",
              "grey3": "#86939e",
              "grey4": "#bdc6cf",
              "grey5": "#e1e8ee",
              "greyOutline": "#bbb",
              "platform": Object {
                "android": Object {
                  "error": "#f44336",
                  "primary": "#2196f3",
                  "secondary": "#9C27B0",
                  "success": "#4caf50",
                  "warning": "#ffeb3b",
                },
                "ios": Object {
                  "error": "#ff3b30",
                  "primary": "#007aff",
                  "secondary": "#5856d6",
                  "success": "#4cd964",
                  "warning": "#ffcc00",
                },
              },
              "primary": "#2089dc",
              "searchBg": "#303337",
              "secondary": "#8F0CE8",
              "success": "#52c41a",
              "warning": "#faad14",
            },
          }
        }
      >
        AUD Price
      </Text>
    </View>
    <View
      style={
        Object {
          "alignItems": "flex-start",
          "alignSelf": "center",
          "borderBottomWidth": 0.5,
          "flexWrap": "nowrap",
          "height": 25,
          "justifyContent": "center",
          "overflow": "hidden",
          "paddingBottom": 3,
          "paddingLeft": 5,
          "paddingRight": 5,
          "width": "25%",
        }
      }
    >
      <Text
        style={
          Object {
            "fontWeight": "bold",
          }
        }
        theme={
          Object {
            "colors": Object {
              "disabled": "hsl(208, 8%, 90%)",
              "divider": "#bcbbc1",
              "error": "#ff190c",
              "grey0": "#393e42",
              "grey1": "#43484d",
              "grey2": "#5e6977",
              "grey3": "#86939e",
              "grey4": "#bdc6cf",
              "grey5": "#e1e8ee",
              "greyOutline": "#bbb",
              "platform": Object {
                "android": Object {
                  "error": "#f44336",
                  "primary": "#2196f3",
                  "secondary": "#9C27B0",
                  "success": "#4caf50",
                  "warning": "#ffeb3b",
                },
                "ios": Object {
                  "error": "#ff3b30",
                  "primary": "#007aff",
                  "secondary": "#5856d6",
                  "success": "#4cd964",
                  "warning": "#ffcc00",
                },
              },
              "primary": "#2089dc",
              "searchBg": "#303337",
              "secondary": "#8F0CE8",
              "success": "#52c41a",
              "warning": "#faad14",
            },
          }
        }
      >
        AUD Value
      </Text>
    </View>
  </View>
  <View
    style={
      Object {
        "flexDirection": "row",
        "justifyContent": "space-evenly",
        "paddingTop": 2,
      }
    }
  >
    <View
      style={
        Object {
          "alignItems": "flex-start",
          "flexWrap": "nowrap",
          "height": 15,
          "justifyContent": "center",
          "overflow": "hidden",
          "paddingLeft": 5,
          "paddingRight": 5,
          "width": "25%",
        }
      }
    >
      <Text
        style={
          Object {
            "flexWrap": "nowrap",
            "fontFamily": "Courier New",
            "fontSize": 11,
            "overflow": "hidden",
          }
        }
        theme={
          Object {
            "colors": Object {
              "disabled": "hsl(208, 8%, 90%)",
              "divider": "#bcbbc1",
              "error": "#ff190c",
              "grey0": "#393e42",
              "grey1": "#43484d",
              "grey2": "#5e6977",
              "grey3": "#86939e",
              "grey4": "#bdc6cf",
              "grey5": "#e1e8ee",
              "greyOutline": "#bbb",
              "platform": Object {
                "android": Object {
                  "error": "#f44336",
                  "primary": "#2196f3",
                  "secondary": "#9C27B0",
                  "success": "#4caf50",
                  "warning": "#ffeb3b",
                },
                "ios": Object {
                  "error": "#ff3b30",
                  "primary": "#007aff",
                  "secondary": "#5856d6",
                  "success": "#4cd964",
                  "warning": "#ffcc00",
                },
              },
              "primary": "#2089dc",
              "searchBg": "#303337",
              "secondary": "#8F0CE8",
              "success": "#52c41a",
              "warning": "#faad14",
            },
          }
        }
      >
        Xbt
      </Text>
    </View>
    <View
      style={
        Object {
          "alignItems": "flex-start",
          "flexWrap": "nowrap",
          "height": 15,
          "justifyContent": "center",
          "overflow": "hidden",
          "paddingLeft": 5,
          "paddingRight": 5,
          "width": "25%",
        }
      }
    >
      <Text
        style={
          Object {
            "flexWrap": "nowrap",
            "fontFamily": "Courier New",
            "fontSize": 11,
            "overflow": "hidden",
          }
        }
        theme={
          Object {
            "colors": Object {
              "disabled": "hsl(208, 8%, 90%)",
              "divider": "#bcbbc1",
              "error": "#ff190c",
              "grey0": "#393e42",
              "grey1": "#43484d",
              "grey2": "#5e6977",
              "grey3": "#86939e",
              "grey4": "#bdc6cf",
              "grey5": "#e1e8ee",
              "greyOutline": "#bbb",
              "platform": Object {
                "android": Object {
                  "error": "#f44336",
                  "primary": "#2196f3",
                  "secondary": "#9C27B0",
                  "success": "#4caf50",
                  "warning": "#ffeb3b",
                },
                "ios": Object {
                  "error": "#ff3b30",
                  "primary": "#007aff",
                  "secondary": "#5856d6",
                  "success": "#4cd964",
                  "warning": "#ffcc00",
                },
              },
              "primary": "#2089dc",
              "searchBg": "#303337",
              "secondary": "#8F0CE8",
              "success": "#52c41a",
              "warning": "#faad14",
            },
          }
        }
      >
         3         
      </Text>
    </View>
    <View
      style={
        Object {
          "alignItems": "flex-start",
          "flexWrap": "nowrap",
          "height": 15,
          "justifyContent": "center",
          "overflow": "hidden",
          "paddingLeft": 5,
          "paddingRight": 5,
          "width": "25%",
        }
      }
    >
      <Text
        style={
          Object {
            "flexWrap": "nowrap",
            "fontFamily": "Courier New",
            "fontSize": 11,
            "overflow": "hidden",
          }
        }
        theme={
          Object {
            "colors": Object {
              "disabled": "hsl(208, 8%, 90%)",
              "divider": "#bcbbc1",
              "error": "#ff190c",
              "grey0": "#393e42",
              "grey1": "#43484d",
              "grey2": "#5e6977",
              "grey3": "#86939e",
              "grey4": "#bdc6cf",
              "grey5": "#e1e8ee",
              "greyOutline": "#bbb",
              "platform": Object {
                "android": Object {
                  "error": "#f44336",
                  "primary": "#2196f3",
                  "secondary": "#9C27B0",
                  "success": "#4caf50",
                  "warning": "#ffeb3b",
                },
                "ios": Object {
                  "error": "#ff3b30",
                  "primary": "#007aff",
                  "secondary": "#5856d6",
                  "success": "#4cd964",
                  "warning": "#ffcc00",
                },
              },
              "primary": "#2089dc",
              "searchBg": "#303337",
              "secondary": "#8F0CE8",
              "success": "#52c41a",
              "warning": "#faad14",
            },
          }
        }
      >
        16,839.25
      </Text>
    </View>
    <View
      style={
        Object {
          "alignItems": "flex-start",
          "flexWrap": "nowrap",
          "height": 15,
          "justifyContent": "center",
          "overflow": "hidden",
          "paddingLeft": 5,
          "paddingRight": 5,
          "width": "25%",
        }
      }
    >
      <Text
        style={
          Object {
            "flexWrap": "nowrap",
            "fontFamily": "Courier New",
            "fontSize": 11,
            "overflow": "hidden",
          }
        }
        theme={
          Object {
            "colors": Object {
              "disabled": "hsl(208, 8%, 90%)",
              "divider": "#bcbbc1",
              "error": "#ff190c",
              "grey0": "#393e42",
              "grey1": "#43484d",
              "grey2": "#5e6977",
              "grey3": "#86939e",
              "grey4": "#bdc6cf",
              "grey5": "#e1e8ee",
              "greyOutline": "#bbb",
              "platform": Object {
                "android": Object {
                  "error": "#f44336",
                  "primary": "#2196f3",
                  "secondary": "#9C27B0",
                  "success": "#4caf50",
                  "warning": "#ffeb3b",
                },
                "ios": Object {
                  "error": "#ff3b30",
                  "primary": "#007aff",
                  "secondary": "#5856d6",
                  "success": "#4cd964",
                  "warning": "#ffcc00",
                },
              },
              "primary": "#2089dc",
              "searchBg": "#303337",
              "secondary": "#8F0CE8",
              "success": "#52c41a",
              "warning": "#faad14",
            },
          }
        }
      >
        50,517.75
      </Text>
    </View>
  </View>
  <View
    style={
      Object {
        "flexDirection": "row",
        "justifyContent": "space-evenly",
        "paddingTop": 2,
      }
    }
  >
    <View
      style={
        Object {
          "alignItems": "flex-start",
          "flexWrap": "nowrap",
          "height": 15,
          "justifyContent": "center",
          "overflow": "hidden",
          "paddingLeft": 5,
          "paddingRight": 5,
          "width": "25%",
        }
      }
    >
      <Text
        style={
          Object {
            "flexWrap": "nowrap",
            "fontFamily": "Courier New",
            "fontSize": 11,
            "overflow": "hidden",
          }
        }
        theme={
          Object {
            "colors": Object {
              "disabled": "hsl(208, 8%, 90%)",
              "divider": "#bcbbc1",
              "error": "#ff190c",
              "grey0": "#393e42",
              "grey1": "#43484d",
              "grey2": "#5e6977",
              "grey3": "#86939e",
              "grey4": "#bdc6cf",
              "grey5": "#e1e8ee",
              "greyOutline": "#bbb",
              "platform": Object {
                "android": Object {
                  "error": "#f44336",
                  "primary": "#2196f3",
                  "secondary": "#9C27B0",
                  "success": "#4caf50",
                  "warning": "#ffeb3b",
                },
                "ios": Object {
                  "error": "#ff3b30",
                  "primary": "#007aff",
                  "secondary": "#5856d6",
                  "success": "#4cd964",
                  "warning": "#ffcc00",
                },
              },
              "primary": "#2089dc",
              "searchBg": "#303337",
              "secondary": "#8F0CE8",
              "success": "#52c41a",
              "warning": "#faad14",
            },
          }
        }
      >
        Eth
      </Text>
    </View>
    <View
      style={
        Object {
          "alignItems": "flex-start",
          "flexWrap": "nowrap",
          "height": 15,
          "justifyContent": "center",
          "overflow": "hidden",
          "paddingLeft": 5,
          "paddingRight": 5,
          "width": "25%",
        }
      }
    >
      <Text
        style={
          Object {
            "flexWrap": "nowrap",
            "fontFamily": "Courier New",
            "fontSize": 11,
            "overflow": "hidden",
          }
        }
        theme={
          Object {
            "colors": Object {
              "disabled": "hsl(208, 8%, 90%)",
              "divider": "#bcbbc1",
              "error": "#ff190c",
              "grey0": "#393e42",
              "grey1": "#43484d",
              "grey2": "#5e6977",
              "grey3": "#86939e",
              "grey4": "#bdc6cf",
              "grey5": "#e1e8ee",
              "greyOutline": "#bbb",
              "platform": Object {
                "android": Object {
                  "error": "#f44336",
                  "primary": "#2196f3",
                  "secondary": "#9C27B0",
                  "success": "#4caf50",
                  "warning": "#ffeb3b",
                },
                "ios": Object {
                  "error": "#ff3b30",
                  "primary": "#007aff",
                  "secondary": "#5856d6",
                  "success": "#4cd964",
                  "warning": "#ffcc00",
                },
              },
              "primary": "#2089dc",
              "searchBg": "#303337",
              "secondary": "#8F0CE8",
              "success": "#52c41a",
              "warning": "#faad14",
            },
          }
        }
      >
        21.62806365
      </Text>
    </View>
    <View
      style={
        Object {
          "alignItems": "flex-start",
          "flexWrap": "nowrap",
          "height": 15,
          "justifyContent": "center",
          "overflow": "hidden",
          "paddingLeft": 5,
          "paddingRight": 5,
          "width": "25%",
        }
      }
    >
      <Text
        style={
          Object {
            "flexWrap": "nowrap",
            "fontFamily": "Courier New",
            "fontSize": 11,
            "overflow": "hidden",
          }
        }
        theme={
          Object {
            "colors": Object {
              "disabled": "hsl(208, 8%, 90%)",
              "divider": "#bcbbc1",
              "error": "#ff190c",
              "grey0": "#393e42",
              "grey1": "#43484d",
              "grey2": "#5e6977",
              "grey3": "#86939e",
              "grey4": "#bdc6cf",
              "grey5": "#e1e8ee",
              "greyOutline": "#bbb",
              "platform": Object {
                "android": Object {
                  "error": "#f44336",
                  "primary": "#2196f3",
                  "secondary": "#9C27B0",
                  "success": "#4caf50",
                  "warning": "#ffeb3b",
                },
                "ios": Object {
                  "error": "#ff3b30",
                  "primary": "#007aff",
                  "secondary": "#5856d6",
                  "success": "#4cd964",
                  "warning": "#ffcc00",
                },
              },
              "primary": "#2089dc",
              "searchBg": "#303337",
              "secondary": "#8F0CE8",
              "success": "#52c41a",
              "warning": "#faad14",
            },
          }
        }
      >
           464.04
      </Text>
    </View>
    <View
      style={
        Object {
          "alignItems": "flex-start",
          "flexWrap": "nowrap",
          "height": 15,
          "justifyContent": "center",
          "overflow": "hidden",
          "paddingLeft": 5,
          "paddingRight": 5,
          "width": "25%",
        }
      }
    >
      <Text
        style={
          Object {
            "flexWrap": "nowrap",
            "fontFamily": "Courier New",
            "fontSize": 11,
            "overflow": "hidden",
          }
        }
        theme={
          Object {
            "colors": Object {
              "disabled": "hsl(208, 8%, 90%)",
              "divider": "#bcbbc1",
              "error": "#ff190c",
              "grey0": "#393e42",
              "grey1": "#43484d",
              "grey2": "#5e6977",
              "grey3": "#86939e",
              "grey4": "#bdc6cf",
              "grey5": "#e1e8ee",
              "greyOutline": "#bbb",
              "platform": Object {
                "android": Object {
                  "error": "#f44336",
                  "primary": "#2196f3",
                  "secondary": "#9C27B0",
                  "success": "#4caf50",
                  "warning": "#ffeb3b",
                },
                "ios": Object {
                  "error": "#ff3b30",
                  "primary": "#007aff",
                  "secondary": "#5856d6",
                  "success": "#4cd964",
                  "warning": "#ffcc00",
                },
              },
              "primary": "#2089dc",
              "searchBg": "#303337",
              "secondary": "#8F0CE8",
              "success": "#52c41a",
              "warning": "#faad14",
            },
          }
        }
      >
        10,036.29
      </Text>
    </View>
  </View>
  <View
    style={
      Object {
        "flexDirection": "row",
        "justifyContent": "space-evenly",
        "paddingTop": 2,
      }
    }
  >
    <View
      style={
        Object {
          "alignItems": "flex-start",
          "alignSelf": "center",
          "borderBottomWidth": 0.5,
          "borderTopWidth": 0.5,
          "flexWrap": "nowrap",
          "height": 20,
          "justifyContent": "center",
          "overflow": "hidden",
          "paddingBottom": 5,
          "paddingLeft": 5,
          "paddingRight": 5,
          "paddingTop": 3,
          "width": "25%",
        }
      }
    >
      <Text
        style={
          Object {
            "fontFamily": "Courier New",
            "fontSize": 11,
            "fontWeight": "bold",
          }
        }
        theme={
          Object {
            "colors": Object {
              "disabled": "hsl(208, 8%, 90%)",
              "divider": "#bcbbc1",
              "error": "#ff190c",
              "grey0": "#393e42",
              "grey1": "#43484d",
              "grey2": "#5e6977",
              "grey3": "#86939e",
              "grey4": "#bdc6cf",
              "grey5": "#e1e8ee",
              "greyOutline": "#bbb",
              "platform": Object {
                "android": Object {
                  "error": "#f44336",
                  "primary": "#2196f3",
                  "secondary": "#9C27B0",
                  "success": "#4caf50",
                  "warning": "#ffeb3b",
                },
                "ios": Object {
                  "error": "#ff3b30",
                  "primary": "#007aff",
                  "secondary": "#5856d6",
                  "success": "#4cd964",
                  "warning": "#ffcc00",
                },
              },
              "primary": "#2089dc",
              "searchBg": "#303337",
              "secondary": "#8F0CE8",
              "success": "#52c41a",
              "warning": "#faad14",
            },
          }
        }
      >
        Total
      </Text>
    </View>
    <View
      style={
        Object {
          "alignItems": "flex-start",
          "alignSelf": "center",
          "borderBottomWidth": 0.5,
          "borderTopWidth": 0.5,
          "flexWrap": "nowrap",
          "height": 20,
          "justifyContent": "center",
          "overflow": "hidden",
          "paddingBottom": 5,
          "paddingLeft": 5,
          "paddingRight": 5,
          "paddingTop": 3,
          "width": "25%",
        }
      }
    >
      <Text
        style={
          Object {
            "fontFamily": "Courier New",
            "fontSize": 11,
            "fontWeight": "bold",
          }
        }
        theme={
          Object {
            "colors": Object {
              "disabled": "hsl(208, 8%, 90%)",
              "divider": "#bcbbc1",
              "error": "#ff190c",
              "grey0": "#393e42",
              "grey1": "#43484d",
              "grey2": "#5e6977",
              "grey3": "#86939e",
              "grey4": "#bdc6cf",
              "grey5": "#e1e8ee",
              "greyOutline": "#bbb",
              "platform": Object {
                "android": Object {
                  "error": "#f44336",
                  "primary": "#2196f3",
                  "secondary": "#9C27B0",
                  "success": "#4caf50",
                  "warning": "#ffeb3b",
                },
                "ios": Object {
                  "error": "#ff3b30",
                  "primary": "#007aff",
                  "secondary": "#5856d6",
                  "success": "#4cd964",
                  "warning": "#ffcc00",
                },
              },
              "primary": "#2089dc",
              "searchBg": "#303337",
              "secondary": "#8F0CE8",
              "success": "#52c41a",
              "warning": "#faad14",
            },
          }
        }
      >
        
      </Text>
    </View>
    <View
      style={
        Object {
          "alignItems": "flex-start",
          "alignSelf": "center",
          "borderBottomWidth": 0.5,
          "borderTopWidth": 0.5,
          "flexWrap": "nowrap",
          "height": 20,
          "justifyContent": "center",
          "overflow": "hidden",
          "paddingBottom": 5,
          "paddingLeft": 5,
          "paddingRight": 5,
          "paddingTop": 3,
          "width": "25%",
        }
      }
    >
      <Text
        style={
          Object {
            "fontFamily": "Courier New",
            "fontSize": 11,
            "fontWeight": "bold",
          }
        }
        theme={
          Object {
            "colors": Object {
              "disabled": "hsl(208, 8%, 90%)",
              "divider": "#bcbbc1",
              "error": "#ff190c",
              "grey0": "#393e42",
              "grey1": "#43484d",
              "grey2": "#5e6977",
              "grey3": "#86939e",
              "grey4": "#bdc6cf",
              "grey5": "#e1e8ee",
              "greyOutline": "#bbb",
              "platform": Object {
                "android": Object {
                  "error": "#f44336",
                  "primary": "#2196f3",
                  "secondary": "#9C27B0",
                  "success": "#4caf50",
                  "warning": "#ffeb3b",
                },
                "ios": Object {
                  "error": "#ff3b30",
                  "primary": "#007aff",
                  "secondary": "#5856d6",
                  "success": "#4cd964",
                  "warning": "#ffcc00",
                },
              },
              "primary": "#2089dc",
              "searchBg": "#303337",
              "secondary": "#8F0CE8",
              "success": "#52c41a",
              "warning": "#faad14",
            },
          }
        }
      >
        
      </Text>
    </View>
    <View
      style={
        Object {
          "alignItems": "flex-start",
          "alignSelf": "center",
          "borderBottomWidth": 0.5,
          "borderTopWidth": 0.5,
          "flexWrap": "nowrap",
          "height": 20,
          "justifyContent": "center",
          "overflow": "hidden",
          "paddingBottom": 5,
          "paddingLeft": 5,
          "paddingRight": 5,
          "paddingTop": 3,
          "width": "25%",
        }
      }
    >
      <Text
        style={
          Object {
            "fontFamily": "Courier New",
            "fontSize": 11,
            "fontWeight": "bold",
          }
        }
        theme={
          Object {
            "colors": Object {
              "disabled": "hsl(208, 8%, 90%)",
              "divider": "#bcbbc1",
              "error": "#ff190c",
              "grey0": "#393e42",
              "grey1": "#43484d",
              "grey2": "#5e6977",
              "grey3": "#86939e",
              "grey4": "#bdc6cf",
              "grey5": "#e1e8ee",
              "greyOutline": "#bbb",
              "platform": Object {
                "android": Object {
                  "error": "#f44336",
                  "primary": "#2196f3",
                  "secondary": "#9C27B0",
                  "success": "#4caf50",
                  "warning": "#ffeb3b",
                },
                "ios": Object {
                  "error": "#ff3b30",
                  "primary": "#007aff",
                  "secondary": "#5856d6",
                  "success": "#4cd964",
                  "warning": "#ffcc00",
                },
              },
              "primary": "#2089dc",
              "searchBg": "#303337",
              "secondary": "#8F0CE8",
              "success": "#52c41a",
              "warning": "#faad14",
            },
          }
        }
      >
        60,554.04
      </Text>
    </View>
  </View>
</View>
`;
