// Jest Snapshot v1, https://goo.gl/fbAQLP

exports[`rendering has no balances but is loading rendered correctly 1`] = `
<RCTSafeAreaView
  emulateUnlessSupported={true}
  style={
    Object {
      "alignItems": "stretch",
      "flex": 1,
      "justifyContent": "flex-start",
      "margin": 10,
    }
  }
>
  <View>
    <Text>
      Account Balances
    </Text>
  </View>
</RCTSafeAreaView>
`;

exports[`rendering when empty balances rendered correctly 1`] = `
<RCTSafeAreaView
  emulateUnlessSupported={true}
  style={
    Object {
      "alignItems": "stretch",
      "flex": 1,
      "justifyContent": "flex-start",
      "margin": 10,
    }
  }
>
  <View>
    <Text>
      Account Balances
    </Text>
  </View>
</RCTSafeAreaView>
`;

exports[`rendering when has balances and not loading rendered correctly 1`] = `
<RCTSafeAreaView
  emulateUnlessSupported={true}
  style={
    Object {
      "alignItems": "stretch",
      "flex": 1,
      "justifyContent": "flex-start",
      "margin": 10,
    }
  }
>
  <View>
    <Text>
      Account Balances
    </Text>
  </View>
</RCTSafeAreaView>
`;

exports[`rendering when no keys rendered correctly 1`] = `
<RCTSafeAreaView
  emulateUnlessSupported={true}
  style={
    Object {
      "alignItems": "stretch",
      "flex": 1,
      "justifyContent": "flex-start",
      "margin": 10,
    }
  }
>
  <View>
    <Text>
      Account Balances
    </Text>
  </View>
</RCTSafeAreaView>
`;
