// Jest Snapshot v1, https://goo.gl/fbAQLP

exports[`rendering has no balances but is loading rendered correctly 1`] = `
<RCTSafeAreaView
  emulateUnlessSupported={true}
  style={
    Object {
      "alignItems": "stretch",
      "flex": 1,
      "justifyContent": "flex-start",
      "margin": 10,
    }
  }
>
  <View>
    <View
      style={
        Array [
          Object {
            "alignSelf": "flex-start",
          },
          Object {
            "paddingTop": 10,
          },
        ]
      }
    >
      <View
        style={
          Object {
            "flexDirection": "row",
            "justifyContent": "space-evenly",
            "paddingTop": 5,
          }
        }
      >
        <View
          style={
            Object {
              "alignItems": "flex-start",
              "alignSelf": "center",
              "borderBottomWidth": 0.5,
              "flexWrap": "nowrap",
              "height": 22,
              "justifyContent": "center",
              "overflow": "hidden",
              "paddingBottom": 3,
              "paddingLeft": 5,
              "paddingRight": 5,
              "width": "25%",
            }
          }
        />
        <View
          style={
            Object {
              "alignItems": "flex-start",
              "alignSelf": "center",
              "borderBottomWidth": 0.5,
              "flexWrap": "nowrap",
              "height": 22,
              "justifyContent": "center",
              "overflow": "hidden",
              "paddingBottom": 3,
              "paddingLeft": 5,
              "paddingRight": 5,
              "width": "25%",
            }
          }
        />
        <View
          style={
            Object {
              "alignItems": "flex-start",
              "alignSelf": "center",
              "borderBottomWidth": 0.5,
              "flexWrap": "nowrap",
              "height": 22,
              "justifyContent": "center",
              "overflow": "hidden",
              "paddingBottom": 3,
              "paddingLeft": 5,
              "paddingRight": 5,
              "width": "25%",
            }
          }
        />
        <View
          style={
            Object {
              "alignItems": "flex-start",
              "alignSelf": "center",
              "borderBottomWidth": 0.5,
              "flexWrap": "nowrap",
              "height": 22,
              "justifyContent": "center",
              "overflow": "hidden",
              "paddingBottom": 3,
              "paddingLeft": 5,
              "paddingRight": 5,
              "width": "25%",
            }
          }
        />
      </View>
      <View
        style={
          Object {
            "flexDirection": "row",
            "justifyContent": "space-evenly",
            "paddingTop": 5,
          }
        }
      >
        <View
          style={
            Object {
              "alignItems": "flex-start",
              "alignSelf": "center",
              "borderBottomWidth": 0.5,
              "borderTopWidth": 0.5,
              "flexWrap": "nowrap",
              "height": 25,
              "justifyContent": "center",
              "overflow": "hidden",
              "paddingBottom": 5,
              "paddingLeft": 5,
              "paddingRight": 5,
              "paddingTop": 5,
              "width": "25%",
            }
          }
        />
        <View
          style={
            Object {
              "alignItems": "flex-start",
              "alignSelf": "center",
              "borderBottomWidth": 0.5,
              "borderTopWidth": 0.5,
              "flexWrap": "nowrap",
              "height": 25,
              "justifyContent": "center",
              "overflow": "hidden",
              "paddingBottom": 5,
              "paddingLeft": 5,
              "paddingRight": 5,
              "paddingTop": 5,
              "width": "25%",
            }
          }
        />
        <View
          style={
            Object {
              "alignItems": "flex-start",
              "alignSelf": "center",
              "borderBottomWidth": 0.5,
              "borderTopWidth": 0.5,
              "flexWrap": "nowrap",
              "height": 25,
              "justifyContent": "center",
              "overflow": "hidden",
              "paddingBottom": 5,
              "paddingLeft": 5,
              "paddingRight": 5,
              "paddingTop": 5,
              "width": "25%",
            }
          }
        />
        <View
          style={
            Object {
              "alignItems": "flex-start",
              "alignSelf": "center",
              "borderBottomWidth": 0.5,
              "borderTopWidth": 0.5,
              "flexWrap": "nowrap",
              "height": 25,
              "justifyContent": "center",
              "overflow": "hidden",
              "paddingBottom": 5,
              "paddingLeft": 5,
              "paddingRight": 5,
              "paddingTop": 5,
              "width": "25%",
            }
          }
        />
      </View>
    </View>
  </View>
</RCTSafeAreaView>
`;

exports[`rendering when empty balances rendered correctly 1`] = `
<RCTSafeAreaView
  emulateUnlessSupported={true}
  style={
    Object {
      "alignItems": "stretch",
      "flex": 1,
      "justifyContent": "flex-start",
      "margin": 10,
    }
  }
>
  <View>
    <View
      style={
        Array [
          Object {
            "alignSelf": "flex-start",
          },
          Object {
            "paddingTop": 10,
          },
        ]
      }
    >
      <View
        style={
          Object {
            "flexDirection": "row",
            "justifyContent": "space-evenly",
            "paddingTop": 5,
          }
        }
      >
        <View
          style={
            Object {
              "alignItems": "flex-start",
              "alignSelf": "center",
              "borderBottomWidth": 0.5,
              "flexWrap": "nowrap",
              "height": 22,
              "justifyContent": "center",
              "overflow": "hidden",
              "paddingBottom": 3,
              "paddingLeft": 5,
              "paddingRight": 5,
              "width": "25%",
            }
          }
        />
        <View
          style={
            Object {
              "alignItems": "flex-start",
              "alignSelf": "center",
              "borderBottomWidth": 0.5,
              "flexWrap": "nowrap",
              "height": 22,
              "justifyContent": "center",
              "overflow": "hidden",
              "paddingBottom": 3,
              "paddingLeft": 5,
              "paddingRight": 5,
              "width": "25%",
            }
          }
        />
        <View
          style={
            Object {
              "alignItems": "flex-start",
              "alignSelf": "center",
              "borderBottomWidth": 0.5,
              "flexWrap": "nowrap",
              "height": 22,
              "justifyContent": "center",
              "overflow": "hidden",
              "paddingBottom": 3,
              "paddingLeft": 5,
              "paddingRight": 5,
              "width": "25%",
            }
          }
        />
        <View
          style={
            Object {
              "alignItems": "flex-start",
              "alignSelf": "center",
              "borderBottomWidth": 0.5,
              "flexWrap": "nowrap",
              "height": 22,
              "justifyContent": "center",
              "overflow": "hidden",
              "paddingBottom": 3,
              "paddingLeft": 5,
              "paddingRight": 5,
              "width": "25%",
            }
          }
        />
      </View>
      <View
        style={
          Object {
            "flexDirection": "row",
            "justifyContent": "space-evenly",
            "paddingTop": 5,
          }
        }
      >
        <View
          style={
            Object {
              "alignItems": "flex-start",
              "alignSelf": "center",
              "borderBottomWidth": 0.5,
              "borderTopWidth": 0.5,
              "flexWrap": "nowrap",
              "height": 25,
              "justifyContent": "center",
              "overflow": "hidden",
              "paddingBottom": 5,
              "paddingLeft": 5,
              "paddingRight": 5,
              "paddingTop": 5,
              "width": "25%",
            }
          }
        />
        <View
          style={
            Object {
              "alignItems": "flex-start",
              "alignSelf": "center",
              "borderBottomWidth": 0.5,
              "borderTopWidth": 0.5,
              "flexWrap": "nowrap",
              "height": 25,
              "justifyContent": "center",
              "overflow": "hidden",
              "paddingBottom": 5,
              "paddingLeft": 5,
              "paddingRight": 5,
              "paddingTop": 5,
              "width": "25%",
            }
          }
        />
        <View
          style={
            Object {
              "alignItems": "flex-start",
              "alignSelf": "center",
              "borderBottomWidth": 0.5,
              "borderTopWidth": 0.5,
              "flexWrap": "nowrap",
              "height": 25,
              "justifyContent": "center",
              "overflow": "hidden",
              "paddingBottom": 5,
              "paddingLeft": 5,
              "paddingRight": 5,
              "paddingTop": 5,
              "width": "25%",
            }
          }
        />
        <View
          style={
            Object {
              "alignItems": "flex-start",
              "alignSelf": "center",
              "borderBottomWidth": 0.5,
              "borderTopWidth": 0.5,
              "flexWrap": "nowrap",
              "height": 25,
              "justifyContent": "center",
              "overflow": "hidden",
              "paddingBottom": 5,
              "paddingLeft": 5,
              "paddingRight": 5,
              "paddingTop": 5,
              "width": "25%",
            }
          }
        />
      </View>
    </View>
  </View>
</RCTSafeAreaView>
`;

exports[`rendering when has balances and not loading rendered correctly 1`] = `
<RCTSafeAreaView
  emulateUnlessSupported={true}
  style={
    Object {
      "alignItems": "stretch",
      "flex": 1,
      "justifyContent": "flex-start",
      "margin": 10,
    }
  }
>
  <View>
    <View
      style={
        Array [
          Object {
            "alignSelf": "flex-start",
          },
          Object {
            "paddingTop": 10,
          },
        ]
      }
    >
      <View
        style={
          Object {
            "flexDirection": "row",
            "justifyContent": "space-evenly",
            "paddingTop": 5,
          }
        }
      >
        <View
          style={
            Object {
              "alignItems": "flex-start",
              "alignSelf": "center",
              "borderBottomWidth": 0.5,
              "flexWrap": "nowrap",
              "height": 22,
              "justifyContent": "center",
              "overflow": "hidden",
              "paddingBottom": 3,
              "paddingLeft": 5,
              "paddingRight": 5,
              "width": "25%",
            }
          }
        />
        <View
          style={
            Object {
              "alignItems": "flex-start",
              "alignSelf": "center",
              "borderBottomWidth": 0.5,
              "flexWrap": "nowrap",
              "height": 22,
              "justifyContent": "center",
              "overflow": "hidden",
              "paddingBottom": 3,
              "paddingLeft": 5,
              "paddingRight": 5,
              "width": "25%",
            }
          }
        />
        <View
          style={
            Object {
              "alignItems": "flex-start",
              "alignSelf": "center",
              "borderBottomWidth": 0.5,
              "flexWrap": "nowrap",
              "height": 22,
              "justifyContent": "center",
              "overflow": "hidden",
              "paddingBottom": 3,
              "paddingLeft": 5,
              "paddingRight": 5,
              "width": "25%",
            }
          }
        />
        <View
          style={
            Object {
              "alignItems": "flex-start",
              "alignSelf": "center",
              "borderBottomWidth": 0.5,
              "flexWrap": "nowrap",
              "height": 22,
              "justifyContent": "center",
              "overflow": "hidden",
              "paddingBottom": 3,
              "paddingLeft": 5,
              "paddingRight": 5,
              "width": "25%",
            }
          }
        />
      </View>
      <View
        style={
          Object {
            "flexDirection": "row",
            "justifyContent": "space-evenly",
            "paddingTop": 5,
          }
        }
      >
        <View
          style={
            Object {
              "alignItems": "flex-start",
              "flexWrap": "nowrap",
              "height": 16,
              "justifyContent": "center",
              "overflow": "hidden",
              "paddingLeft": 5,
              "paddingRight": 5,
              "width": "25%",
            }
          }
        />
        <View
          style={
            Object {
              "alignItems": "flex-start",
              "flexWrap": "nowrap",
              "height": 16,
              "justifyContent": "center",
              "overflow": "hidden",
              "paddingLeft": 5,
              "paddingRight": 5,
              "width": "25%",
            }
          }
        />
        <View
          style={
            Object {
              "alignItems": "flex-start",
              "flexWrap": "nowrap",
              "height": 16,
              "justifyContent": "center",
              "overflow": "hidden",
              "paddingLeft": 5,
              "paddingRight": 5,
              "width": "25%",
            }
          }
        />
        <View
          style={
            Object {
              "alignItems": "flex-start",
              "flexWrap": "nowrap",
              "height": 16,
              "justifyContent": "center",
              "overflow": "hidden",
              "paddingLeft": 5,
              "paddingRight": 5,
              "width": "25%",
            }
          }
        />
      </View>
      <View
        style={
          Object {
            "flexDirection": "row",
            "justifyContent": "space-evenly",
            "paddingTop": 5,
          }
        }
      >
        <View
          style={
            Object {
              "alignItems": "flex-start",
              "flexWrap": "nowrap",
              "height": 16,
              "justifyContent": "center",
              "overflow": "hidden",
              "paddingLeft": 5,
              "paddingRight": 5,
              "width": "25%",
            }
          }
        />
        <View
          style={
            Object {
              "alignItems": "flex-start",
              "flexWrap": "nowrap",
              "height": 16,
              "justifyContent": "center",
              "overflow": "hidden",
              "paddingLeft": 5,
              "paddingRight": 5,
              "width": "25%",
            }
          }
        />
        <View
          style={
            Object {
              "alignItems": "flex-start",
              "flexWrap": "nowrap",
              "height": 16,
              "justifyContent": "center",
              "overflow": "hidden",
              "paddingLeft": 5,
              "paddingRight": 5,
              "width": "25%",
            }
          }
        />
        <View
          style={
            Object {
              "alignItems": "flex-start",
              "flexWrap": "nowrap",
              "height": 16,
              "justifyContent": "center",
              "overflow": "hidden",
              "paddingLeft": 5,
              "paddingRight": 5,
              "width": "25%",
            }
          }
        />
      </View>
      <View
        style={
          Object {
            "flexDirection": "row",
            "justifyContent": "space-evenly",
            "paddingTop": 5,
          }
        }
      >
        <View
          style={
            Object {
              "alignItems": "flex-start",
              "alignSelf": "center",
              "borderBottomWidth": 0.5,
              "borderTopWidth": 0.5,
              "flexWrap": "nowrap",
              "height": 25,
              "justifyContent": "center",
              "overflow": "hidden",
              "paddingBottom": 5,
              "paddingLeft": 5,
              "paddingRight": 5,
              "paddingTop": 5,
              "width": "25%",
            }
          }
        />
        <View
          style={
            Object {
              "alignItems": "flex-start",
              "alignSelf": "center",
              "borderBottomWidth": 0.5,
              "borderTopWidth": 0.5,
              "flexWrap": "nowrap",
              "height": 25,
              "justifyContent": "center",
              "overflow": "hidden",
              "paddingBottom": 5,
              "paddingLeft": 5,
              "paddingRight": 5,
              "paddingTop": 5,
              "width": "25%",
            }
          }
        />
        <View
          style={
            Object {
              "alignItems": "flex-start",
              "alignSelf": "center",
              "borderBottomWidth": 0.5,
              "borderTopWidth": 0.5,
              "flexWrap": "nowrap",
              "height": 25,
              "justifyContent": "center",
              "overflow": "hidden",
              "paddingBottom": 5,
              "paddingLeft": 5,
              "paddingRight": 5,
              "paddingTop": 5,
              "width": "25%",
            }
          }
        />
        <View
          style={
            Object {
              "alignItems": "flex-start",
              "alignSelf": "center",
              "borderBottomWidth": 0.5,
              "borderTopWidth": 0.5,
              "flexWrap": "nowrap",
              "height": 25,
              "justifyContent": "center",
              "overflow": "hidden",
              "paddingBottom": 5,
              "paddingLeft": 5,
              "paddingRight": 5,
              "paddingTop": 5,
              "width": "25%",
            }
          }
        />
      </View>
    </View>
  </View>
</RCTSafeAreaView>
`;

exports[`rendering when no keys rendered correctly 1`] = `
<RCTSafeAreaView
  emulateUnlessSupported={true}
  style={
    Object {
      "alignItems": "stretch",
      "flex": 1,
      "justifyContent": "flex-start",
      "margin": 10,
    }
  }
>
  <View>
    <View
      style={
        Array [
          Object {
            "alignSelf": "flex-start",
          },
          Object {
            "paddingTop": 10,
          },
        ]
      }
    >
      <View
        style={
          Object {
            "flexDirection": "row",
            "justifyContent": "space-evenly",
            "paddingTop": 5,
          }
        }
      >
        <View
          style={
            Object {
              "alignItems": "flex-start",
              "alignSelf": "center",
              "borderBottomWidth": 0.5,
              "flexWrap": "nowrap",
              "height": 22,
              "justifyContent": "center",
              "overflow": "hidden",
              "paddingBottom": 3,
              "paddingLeft": 5,
              "paddingRight": 5,
              "width": "25%",
            }
          }
        />
        <View
          style={
            Object {
              "alignItems": "flex-start",
              "alignSelf": "center",
              "borderBottomWidth": 0.5,
              "flexWrap": "nowrap",
              "height": 22,
              "justifyContent": "center",
              "overflow": "hidden",
              "paddingBottom": 3,
              "paddingLeft": 5,
              "paddingRight": 5,
              "width": "25%",
            }
          }
        />
        <View
          style={
            Object {
              "alignItems": "flex-start",
              "alignSelf": "center",
              "borderBottomWidth": 0.5,
              "flexWrap": "nowrap",
              "height": 22,
              "justifyContent": "center",
              "overflow": "hidden",
              "paddingBottom": 3,
              "paddingLeft": 5,
              "paddingRight": 5,
              "width": "25%",
            }
          }
        />
        <View
          style={
            Object {
              "alignItems": "flex-start",
              "alignSelf": "center",
              "borderBottomWidth": 0.5,
              "flexWrap": "nowrap",
              "height": 22,
              "justifyContent": "center",
              "overflow": "hidden",
              "paddingBottom": 3,
              "paddingLeft": 5,
              "paddingRight": 5,
              "width": "25%",
            }
          }
        />
      </View>
      <View
        style={
          Object {
            "flexDirection": "row",
            "justifyContent": "space-evenly",
            "paddingTop": 5,
          }
        }
      >
        <View
          style={
            Object {
              "alignItems": "flex-start",
              "alignSelf": "center",
              "borderBottomWidth": 0.5,
              "borderTopWidth": 0.5,
              "flexWrap": "nowrap",
              "height": 25,
              "justifyContent": "center",
              "overflow": "hidden",
              "paddingBottom": 5,
              "paddingLeft": 5,
              "paddingRight": 5,
              "paddingTop": 5,
              "width": "25%",
            }
          }
        />
        <View
          style={
            Object {
              "alignItems": "flex-start",
              "alignSelf": "center",
              "borderBottomWidth": 0.5,
              "borderTopWidth": 0.5,
              "flexWrap": "nowrap",
              "height": 25,
              "justifyContent": "center",
              "overflow": "hidden",
              "paddingBottom": 5,
              "paddingLeft": 5,
              "paddingRight": 5,
              "paddingTop": 5,
              "width": "25%",
            }
          }
        />
        <View
          style={
            Object {
              "alignItems": "flex-start",
              "alignSelf": "center",
              "borderBottomWidth": 0.5,
              "borderTopWidth": 0.5,
              "flexWrap": "nowrap",
              "height": 25,
              "justifyContent": "center",
              "overflow": "hidden",
              "paddingBottom": 5,
              "paddingLeft": 5,
              "paddingRight": 5,
              "paddingTop": 5,
              "width": "25%",
            }
          }
        />
        <View
          style={
            Object {
              "alignItems": "flex-start",
              "alignSelf": "center",
              "borderBottomWidth": 0.5,
              "borderTopWidth": 0.5,
              "flexWrap": "nowrap",
              "height": 25,
              "justifyContent": "center",
              "overflow": "hidden",
              "paddingBottom": 5,
              "paddingLeft": 5,
              "paddingRight": 5,
              "paddingTop": 5,
              "width": "25%",
            }
          }
        />
      </View>
    </View>
  </View>
</RCTSafeAreaView>
`;
